Error processing line 1 of C:\ZKBioWDMS\Python311\Lib\site-packages\zope.event-4.6-py3.9-nspkg.pth:

Fatal Python error: init_import_site: Failed to import the site module
Python runtime state: initialized
Traceback (most recent call last):
  File "<frozen site>", line 213, in addpackage
  File "<string>", line 1, in <module>
  File "C:\ZKBioWDMS\Python311\Lib\importlib\__init__.py", line 57, in <module>
    import warnings
  File "C:\ZKBioWDMS\Python311\Lib\warnings.py", line 573, in <module>
    filterwarnings("default", category=DeprecationWarning,
  File "C:\ZKBioWDMS\Python311\Lib\warnings.py", line 152, in filterwarnings
    import re
  File "C:\ZKBioWDMS\Python311\Lib\re\__init__.py", line 125, in <module>
    from . import _compiler, _parser
  File "C:\ZKBioWDMS\Python311\Lib\re\_compiler.py", line 18, in <module>
    assert _sre.MAGIC == MAGIC, "SRE module mismatch"
AssertionError: SRE module mismatch

During handling of the above exception, another exception occurred:

Traceback (most recent call last):
  File "<frozen importlib._bootstrap>", line 1371, in _find_and_load
  File "<frozen importlib._bootstrap>", line 1342, in _find_and_load_unlocked
  File "<frozen importlib._bootstrap>", line 938, in _load_unlocked
  File "<frozen importlib._bootstrap>", line 1179, in exec_module
  File "<frozen site>", line 722, in <module>
  File "<frozen site>", line 709, in main
  File "<frozen site>", line 428, in addsitepackages
  File "<frozen site>", line 254, in addsitedir
  File "<frozen site>", line 223, in addpackage
  File "C:\ZKBioWDMS\Python311\Lib\traceback.py", line 5, in <module>
    import linecache
  File "C:\ZKBioWDMS\Python311\Lib\linecache.py", line 11, in <module>
    import tokenize
  File "C:\ZKBioWDMS\Python311\Lib\tokenize.py", line 33, in <module>
    import re
  File "C:\ZKBioWDMS\Python311\Lib\re\__init__.py", line 125, in <module>
    from . import _compiler, _parser
  File "C:\ZKBioWDMS\Python311\Lib\re\_compiler.py", line 18, in <module>
    assert _sre.MAGIC == MAGIC, "SRE module mismatch"
AssertionError: SRE module mismatch
